../User_F407IGH6/OLED/OLED.c:34:6:OLED_I2C_Start	8	static
../User_F407IGH6/OLED/OLED.c:47:6:OLED_I2C_Stop	8	static
../User_F407IGH6/OLED/OLED.c:59:6:OLED_I2C_SendByte	24	static
../User_F407IGH6/OLED/OLED.c:77:6:OLED_WriteCommand	16	static
../User_F407IGH6/OLED/OLED.c:91:6:OLED_WriteData	16	static
../User_F407IGH6/OLED/OLED.c:106:6:OLED_SetCursor	16	static
../User_F407IGH6/OLED/OLED.c:118:6:OLED_Clear	16	static
../User_F407IGH6/OLED/OLED.c:138:6:OLED_ShowChar	24	static
../User_F407IGH6/OLED/OLED.c:160:6:OLED_ShowString	24	static
../User_F407IGH6/OLED/OLED.c:173:10:OLED_Pow	24	static
../User_F407IGH6/OLED/OLED.c:191:6:OLED_ShowNum	32	static
../User_F407IGH6/OLED/OLED.c:208:6:OLED_ShowSignedNum	32	static
../User_F407IGH6/OLED/OLED.c:236:6:OLED_ShowHexNum	24	static
../User_F407IGH6/OLED/OLED.c:261:6:OLED_ShowBinNum	32	static
../User_F407IGH6/OLED/OLED.c:275:6:OLED_Init	16	static
../User_F407IGH6/OLED/OLED.c:328:6:OLED_ShowPicture	16	static
../User_F407IGH6/OLED/OLED.c:360:6:OLED_Showfloat	40	static
